// Jest Snapshot v1, https://goo.gl/fbAQLP

exports[`UpdateSubmissionMutation updates a submission and returns its new data payload 1`] = `
Object {
  "createConsignmentSubmission": Object {
    "clientMutationId": "2",
    "submission": Object {
      "artist_id": "andy-warhol",
      "authenticity_certificate": null,
      "dimensions_metric": null,
      "id": "106",
    },
  },
}
`;
