// Jest Snapshot v1, https://goo.gl/fbAQLP

exports[`Me SuggestedArtists returns sanitized messages 1`] = `
Object {
  "suggested_artists": Array [
    Object {
      "birthday": "1919",
      "id": "andy-warhol",
    },
  ],
}
`;
