// Jest Snapshot v1, https://goo.gl/fbAQLP

exports[`MarkReadMessageMutation marks a message as read 1`] = `
Object {
  "markReadMessage": Object {
    "delivery": Object {
      "id": "3",
      "opened_at": "now",
    },
  },
}
`;
