// Jest Snapshot v1, https://goo.gl/fbAQLP

exports[`SendConversationMessageMutation creates a message and returns its new data payload 1`] = `
Object {
  "conversation": Object {
    "id": "420",
  },
  "messageEdge": Object {
    "cursor": "YXJyYXljb25uZWN0aW9uOjA=",
    "node": Object {
      "body": "Sehr sch√∂n!",
      "from": Object {
        "email": "pio-dog@example.com",
        "name": null,
      },
      "id": "222",
    },
  },
}
`;
