// Jest Snapshot v1, https://goo.gl/fbAQLP

exports[`CreateGeminiEntryForAsset creates a submission and returns its new data payload 1`] = `
Object {
  "createGeminiEntryForAsset": Object {
    "asset": Object {
      "token": "zVHJce-Fey3OIsazH8WDTg",
    },
  },
}
`;
