// Jest Snapshot v1, https://goo.gl/fbAQLP

exports[`UpdateConversationMutation updates and returns a conversation 1`] = `
Object {
  "conversations": Array [
    Object {
      "from": Object {
        "email": "percy@cat.com",
      },
      "id": "3",
      "initial_message": "omg im sooo interested",
    },
  ],
}
`;
