// Jest Snapshot v1, https://goo.gl/fbAQLP

exports[`creates an SDL 1`] = `
"# App Authenticator Two-Factor Authentication factor
type AppSecondFactor implements SecondFactor {
  createdAt: ISO8601DateTime!
  disabledAt: ISO8601DateTime
  enabled: Boolean!
  enabledAt: ISO8601DateTime
  internalID: ID!
  kind: SecondFactorKind!
  name: String
  updatedAt: ISO8601DateTime!
}

# Backup Two-Factor Authentication factor
type BackupSecondFactor implements SecondFactor {
  createdAt: ISO8601DateTime!
  disabledAt: ISO8601DateTime
  enabled: Boolean!
  enabledAt: ISO8601DateTime
  internalID: ID!
  kind: SecondFactorKind!
  updatedAt: ISO8601DateTime!
}

# Autogenerated input type of CaptureHold
input CaptureHoldInput {
  # A unique identifier for the client performing the mutation.
  clientMutationId: String

  # Globally unique ID for the hold.
  inventoryHoldId: ID!

  # Globally unique ID for the requester of the hold. Ex. Exchange Order ID.
  referenceId: String!
}

# Autogenerated return type of CaptureHold
type CaptureHoldPayload {
  # A unique identifier for the client performing the mutation.
  clientMutationId: String
  holdOrError: InventoryHoldOrErrorUnion!
}

type ConditionReportRequest {
  internalID: ID!
  saleArtworkID: ID
  userID: ID
}

type DoNotUseThisPartner {
  displayName: String
  display_name: String @deprecated(reason: \\"Use displayName\\")
  givenName: String
  given_name: String @deprecated(reason: \\"Use givenName\\")
  id: ID!
  relativeSize: Int
  relative_size: Int @deprecated(reason: \\"Use relativeSize\\")
  slug: String
  subscriptionState: String
  subscription_state: String @deprecated(reason: \\"Use subscriptionState\\")
}

# A user-readable error
type Error {
  # Error code
  code: String!

  # Extra data about error.
  data: JSON

  # A description of the error
  message: String!

  # Which input value this error came from
  path: [String!]
}

# A user-readable list of errors
type Errors {
  # List of Errors.
  errors: [Error!]!
}

# Autogenerated input type of HoldInventory
input HoldInventoryInput {
  # A unique identifier for the client performing the mutation.
  clientMutationId: String
  expiresInSeconds: Int
  items: [InventoryHoldItemAttributes!]!

  # Globally unique ID for the requester of this hold. Ex. Exchange Order ID.
  referenceId: String!
}

# Autogenerated return type of HoldInventory
type HoldInventoryPayload {
  # A unique identifier for the client performing the mutation.
  clientMutationId: String
  holdOrErrors: InventoryHoldOrErrorsUnion!
}

type InventoryHold {
  capturedAt: String
  id: ID!
  items(
    # Returns the elements in the list that come after the specified cursor.
    after: String

    # Returns the elements in the list that come before the specified cursor.
    before: String

    # Returns the first _n_ elements from the list.
    first: Int

    # Returns the last _n_ elements from the list.
    last: Int
  ): InventoryHoldItemConnection
  referenceId: String!
}

type InventoryHoldItem {
  artworkId: String!
  editionSetId: String
  id: ID!
  quantity: Int!
}

# Attributes for creating or updating an inventory hold item
input InventoryHoldItemAttributes {
  # ID of the artwork
  artworkId: String!

  # ID of edition set
  editionSetId: String
  quantity: Int!
}

# The connection type for InventoryHoldItem.
type InventoryHoldItemConnection {
  # A list of edges.
  edges: [InventoryHoldItemEdge]

  # A list of nodes.
  nodes: [InventoryHoldItem]

  # Information to aid in pagination.
  pageInfo: PageInfo!
}

# An edge in a connection.
type InventoryHoldItemEdge {
  # A cursor for use in pagination.
  cursor: String!

  # The item at the end of the edge.
  node: InventoryHoldItem
}

# A hold or error object
union InventoryHoldOrErrorsUnion = Errors | InventoryHold

# A hold or error object
union InventoryHoldOrErrorUnion = Error | InventoryHold

# An ISO 8601-encoded datetime
scalar ISO8601DateTime

# Represents untyped JSON
scalar JSON

# A money object with amount in minor currency and a currency code, or an error object
union MoneyOrErrorUnion = Error

type Mutation {
  captureHold(input: CaptureHoldInput!): CaptureHoldPayload
  holdInventory(input: HoldInventoryInput!): HoldInventoryPayload
  recordArtworkView(input: RecordArtworkViewInput!): RecordArtworkViewPayload
  requestConditionReport(input: RequestConditionReportInput!): RequestConditionReportPayload
}

# Information about pagination in a connection.
type PageInfo {
  # When paginating forwards, the cursor to continue.
  endCursor: String

  # When paginating forwards, are there more items?
  hasNextPage: Boolean!

  # When paginating backwards, are there more items?
  hasPreviousPage: Boolean!

  # When paginating backwards, the cursor to continue.
  startCursor: String
}

type Query {
  # Autocomplete resolvers.
  _unused_gravity_matchPartners(matchType: String, page: Int = 1, size: Int = 5, term: String!): [DoNotUseThisPartner!]

  # Autocomplete resolvers.
  _unused_gravity_match_partners(match_type: String, page: Int = 1, size: Int = 5, term: String!): [DoNotUseThisPartner!] @deprecated(reason: \\"Use matchPartners\\")

  # Find partners by IDs
  _unused_gravity_partners(ids: [ID!]!): [DoNotUseThisPartner!]

  # List enabled Two-Factor Authentication factors
  _unused_gravity_secondFactors(kinds: [SecondFactorKind!] = [app, sms, backup]): [SecondFactor!]!

  # Find a viewing room by ID
  viewingRoom(id: ID!): ViewingRoom
}

# Autogenerated input type of RecordArtworkView
input RecordArtworkViewInput {
  artwork_id: String!

  # A unique identifier for the client performing the mutation.
  clientMutationId: String
}

# Autogenerated return type of RecordArtworkView
type RecordArtworkViewPayload {
  # Id of viewed artwork
  artworkId: String!

  # Id of viewed artwork
  artwork_id: String! @deprecated(reason: \\"Use artworkId\\")

  # A unique identifier for the client performing the mutation.
  clientMutationId: String
}

# Autogenerated input type of RequestConditionReport
input RequestConditionReportInput {
  # A unique identifier for the client performing the mutation.
  clientMutationId: String

  # ID of the sale artwork.
  saleArtworkID: String!
}

# Autogenerated return type of RequestConditionReport
type RequestConditionReportPayload {
  # A unique identifier for the client performing the mutation.
  clientMutationId: String
  conditionReportRequest: ConditionReportRequest!
}

interface SecondFactor {
  createdAt: ISO8601DateTime!
  disabledAt: ISO8601DateTime
  enabled: Boolean!
  enabledAt: ISO8601DateTime
  internalID: ID!
  kind: SecondFactorKind!
  updatedAt: ISO8601DateTime!
}

# Two-Factor Authentication (2FA) Method
enum SecondFactorKind {
  # App authenticator 2FA method
  app

  # Backup 2FA method
  backup

  # SMS 2FA method
  sms
}

# SMS Two-Factor Authentication factor
type SmsSecondFactor implements SecondFactor {
  createdAt: ISO8601DateTime!
  disabledAt: ISO8601DateTime
  enabled: Boolean!
  enabledAt: ISO8601DateTime
  internalID: ID!
  kind: SecondFactorKind!
  lastDeliveredAt: ISO8601DateTime
  maskedPhone: String
  updatedAt: ISO8601DateTime!
}

# An artwork viewing room
type ViewingRoom {
  artworksConnection(
    # Returns the elements in the list that come after the specified cursor.
    after: String

    # Returns the elements in the list that come before the specified cursor.
    before: String

    # Returns the first _n_ elements from the list.
    first: Int

    # Returns the last _n_ elements from the list.
    last: Int
  ): ViewingRoomArtworkConnection

  # Body copy
  body: String

  # Datetime after which the viewing room is no longer viewable
  endAt: ISO8601DateTime

  # Image URL for hero image on viewing room home screen
  heroImageURL: String

  # Unique ID for this room
  internalID: ID!

  # Introductory paragraph
  introStatement: String

  # ID of the partner associated with this viewing room
  partnerID: String!
  pullQuote: String

  # Datetime when the viewing room is viewable
  startAt: ISO8601DateTime
  subsections: [ViewingRoomSubsection!]
  timeZone: String

  # Viewing room name
  title: String!
}

# An artwork associated with a viewing room. Note that the full artwork is stitched in in Metaphysics!
type ViewingRoomArtwork {
  artworkID: String!

  # Unique ID
  internalID: ID!
}

# The connection type for ViewingRoomArtwork.
type ViewingRoomArtworkConnection {
  # A list of edges.
  edges: [ViewingRoomArtworkEdge]

  # A list of nodes.
  nodes: [ViewingRoomArtwork]

  # Information to aid in pagination.
  pageInfo: PageInfo!
}

# An edge in a connection.
type ViewingRoomArtworkEdge {
  # A cursor for use in pagination.
  cursor: String!

  # The item at the end of the edge.
  node: ViewingRoomArtwork
}

# Title, image, text, and caption for a viewing room section
type ViewingRoomSubsection {
  # Body copy
  body: String

  # Image caption
  caption: String

  # Image URL
  imageURL: String

  # Unique ID for this subsection
  internalID: ID!

  # Section header
  title: String
}
"
`;
